// Vitest Snapshot v1, https://vitest.dev/guide/snapshot.html

exports[`matches with snapshot 1`] = `
<DocumentFragment>
  <div>
    <span
      class="MuiBox-root css-1h0szju"
    >
       ★ 
    </span>
    <span
      class="MuiBox-root css-1h0szju"
    >
       ★ 
    </span>
    <span
      class="MuiBox-root css-1h0szju"
    >
       ★ 
    </span>
    <span
      class="MuiBox-root css-1h0szju"
    >
       ★ 
    </span>
    <span
      class="MuiBox-root css-1h0szju"
    >
       ★ 
    </span>
  </div>
</DocumentFragment>
`;
