// Vitest Snapshot v1, https://vitest.dev/guide/snapshot.html

exports[`matches with snapshot  when logged in 1`] = `<DocumentFragment />`;

exports[`matches with snapshot 1`] = `<DocumentFragment />`;

exports[`matches with snapshot when logged in 1`] = `<DocumentFragment />`;

exports[`matches with snapshot when logged out 1`] = `<DocumentFragment />`;
